<html><body><h1>File Lists</h1><ul><li><a href="/download?file=LICENSE">LICENSE</a></li><li><a href="/download?file=chs">chs</a></li><li><a href="/download?file=go.mod">go.mod</a></li><li><a href="/download?file=go.sum">go.sum</a></li><li><a href="/download?file=main.go">main.go</a></li></ul></body></html>