target = わたぼう
count = 4
utf8 bytes = 12
[227, 130, 143, 227, 129, 159, 227, 129, 188, 227, 129, 134]
---------------