target = Rust
utf8 bytes = 4
[82, 117, 115, 116]
---------------