target = 日本語
utf8 bytes = 9
[230, 151, 165, 230, 156, 172, 232, 170, 158]
---------------