target = 東京都千代田区
count = 7
---------------
target = nintendo
count = 8
---------------