target = 司馬遷
count = 3
utf8 bytes = 9
[229, 143, 184, 233, 166, 172, 233, 129, 183]
---------------
target = import
count = 6
utf8 bytes = 6
[105, 109, 112, 111, 114, 116]
---------------