target = どらくえ
utf8 bytes = 12
[227, 129, 169, 227, 130, 137, 227, 129, 143, 227, 129, 136]
---------------
target = dragon
utf8 bytes = 6
[100, 114, 97, 103, 111, 110]
---------------